// Jest Snapshot v1, https://goo.gl/fbAQLP

exports[`Home renders correctly 1`] = `
<main
  className="gallery"
>
  <div
    className="container"
    onClick={[Function]}
  >
    <img
      className="galleryImg"
      src="some website"
    />
  </div>
  <div
    className="container"
    onClick={[Function]}
  >
    <img
      className="galleryImg"
      src="some website"
    />
  </div>
  <div
    className="container"
    onClick={[Function]}
  >
    <img
      className="galleryImg"
      src="some website"
    />
  </div>
</main>
`;
