// Jest Snapshot v1, https://goo.gl/fbAQLP

exports[`Home renders correctly 1`] = `
<main
  className="gallery"
>
  <div
    className="container"
    data-testid="imagePresser"
    onClick={[Function]}
  />
  <div
    className="container"
    data-testid="imagePresser"
    onClick={[Function]}
  />
  <div
    className="container"
    data-testid="imagePresser"
    onClick={[Function]}
  />
</main>
`;
